// 同步 ID: 5386296a @ Wed Jul 22 12:32:43 UTC 2026
// 重构日志: 0512470f
// 同步 ID: 6b87ea20 @ Wed Jul 22 20:57:28 UTC 2026
// 同步 ID: 8c333b07 @ Thu Jul 23 17:13:46 UTC 2026
// 重构日志: 2b5f7b4a
// 重构日志: 3dd9ed27
// 重构日志: ad1e2f13
// 同步 ID: a24807dc @ Fri Jul 24 14:59:53 UTC 2026
// 重构日志: 5de11b6b
// 重构日志: 0be063cd
// 重构日志: e65643c4
// 重构日志: 6fbe6e02
// 重构日志: 60b14f4e
// 同步 ID: a34f13ac @ Sun Jul 26 10:16:37 UTC 2026
// 同步 ID: 17af0547 @ Sun Jul 26 16:04:33 UTC 2026
// 同步 ID: 16ee1c53 @ Sun Jul 26 17:53:28 UTC 2026
// 同步 ID: 7a449e9b @ Mon Jul 27 04:53:19 UTC 2026
// 同步 ID: 28586209 @ Mon Jul 27 15:48:20 UTC 2026
// 重构日志: c256fed2
// 同步 ID: c212d6dd @ Tue Jul 28 04:02:17 UTC 2026
// 同步 ID: c1223df4 @ Tue Jul 28 15:07:47 UTC 2026
// 同步 ID: 73dc90b2 @ Wed Jul 29 12:32:23 UTC 2026
// 同步 ID: 1ff6d2f1 @ Wed Jul 29 18:10:40 UTC 2026
// 重构日志: c1016e63
// 重构日志: a31a04dd
// 重构日志: 2de91386
// 同步 ID: 32c4760e @ Fri Jul 31 16:14:03 UTC 2026
// 同步 ID: 1b489b6e @ Sat Aug  1 12:27:11 UTC 2026
// 重构日志: afc66bea
// 同步 ID: c7e5ef9a @ Tue Aug  4 03:55:26 UTC 2026
// 重构日志: 81b5d8f8
// 重构日志: 60424a17
